// Jest Snapshot v1, https://goo.gl/fbAQLP

exports[`AddButton components rendeding addButton renders 1`] = `ShallowWrapper {}`;
