// Jest Snapshot v1, https://goo.gl/fbAQLP

exports[`AddModal components rendeding addModal renders 1`] = `ShallowWrapper {}`;
