// Jest Snapshot v1, https://goo.gl/fbAQLP

exports[`App components rendeding AddModal renders 1`] = `ShallowWrapper {}`;

exports[`App components rendeding AppWrapper renders 1`] = `ShallowWrapper {}`;

exports[`App components rendeding ProductsManager renders 1`] = `ShallowWrapper {}`;

exports[`App components rendeding Title renders 1`] = `ShallowWrapper {}`;
