// Jest Snapshot v1, https://goo.gl/fbAQLP

exports[`Button components rendeding Button renders 1`] = `ShallowWrapper {}`;
