// Jest Snapshot v1, https://goo.gl/fbAQLP

exports[`Loader components rendeding loader renders 1`] = `ShallowWrapper {}`;
