// Jest Snapshot v1, https://goo.gl/fbAQLP

exports[`ProductCounter components rendeding ProductCounter renders 1`] = `ShallowWrapper {}`;
