// Jest Snapshot v1, https://goo.gl/fbAQLP

exports[`ProductsManager components rendeding productsManager renders 1`] = `ShallowWrapper {}`;
