// Jest Snapshot v1, https://goo.gl/fbAQLP

exports[`Title components rendeding title renders 1`] = `ShallowWrapper {}`;
